src/components/feed/create-post-modal.tsx(51,5): error TS2322: Type 'Resolver<{ title: string; content: string; image_url?: string | undefined; is_public?: boolean | undefined; tags?: string | undefined; }, any, { title: string; content: string; is_public: boolean; image_url?: string | undefined; tags?: string | undefined; }>' is not assignable to type 'Resolver<{ title: string; content: string; is_public: boolean; image_url?: string | undefined; tags?: string | undefined; }, any, { title: string; content: string; is_public: boolean; image_url?: string | undefined; tags?: string | undefined; }>'.
  Types of parameters 'options' and 'options' are incompatible.
    Type 'ResolverOptions<{ title: string; content: string; is_public: boolean; image_url?: string | undefined; tags?: string | undefined; }>' is not assignable to type 'ResolverOptions<{ title: string; content: string; image_url?: string | undefined; is_public?: boolean | undefined; tags?: string | undefined; }>'.
      Type 'boolean | undefined' is not assignable to type 'boolean'.
        Type 'undefined' is not assignable to type 'boolean'.
src/components/feed/create-post-modal.tsx(128,55): error TS2345: Argument of type '(data: PostValues) => Promise<void>' is not assignable to parameter of type 'SubmitHandler<TFieldValues>'.
  Types of parameters 'data' and 'data' are incompatible.
    Type 'TFieldValues' is not assignable to type '{ title: string; content: string; is_public: boolean; image_url?: string | undefined; tags?: string | undefined; }'.
      Type 'FieldValues' is missing the following properties from type '{ title: string; content: string; is_public: boolean; image_url?: string | undefined; tags?: string | undefined; }': title, content, is_public
